
> iot-research-pc-foundation-ui@0.1.0 build
> tsc -b && vite build

[36mvite v7.3.6 [32mbuilding client environment for production...[36m[39m
transforming...
[32m✓[39m 93 modules transformed.
rendering chunks...
computing gzip size...
[2mdist/[22m[32mindex.html                 [39m[1m[2m  0.52 kB[22m[1m[22m[2m │ gzip:   0.34 kB[22m
[2mdist/[22m[35massets/index-BUsTEjtL.css  [39m[1m[2m 97.96 kB[22m[1m[22m[2m │ gzip:  27.38 kB[22m
[2mdist/[22m[36massets/index-AHqGOWm7.js   [39m[1m[33m701.72 kB[39m[22m[2m │ gzip: 204.80 kB[22m
[33m
(!) Some chunks are larger than 500 kB after minification. Consider:
- Using dynamic import() to code-split the application
- Use build.rollupOptions.output.manualChunks to improve chunking: https://rollupjs.org/configuration-options/#output-manualchunks
- Adjust chunk size limit for this warning via build.chunkSizeWarningLimit.[39m
[32m✓ built in 5.27s[39m
INFO  [alembic.runtime.migration] Context impl SQLiteImpl.
INFO  [alembic.runtime.migration] Will assume non-transactional DDL.
Default owner already exists; nothing changed.
PC server is up: http://127.0.0.1:5173  (public: https://desktop-ja7nurv.tail7a4c6f.ts.net)
Logs: C:\Users\pnt21\Desktop\IOT\runtime\pc
